#
# A fatal error has been detected by the Java Runtime Environment:
#
#  EXCEPTION_IN_PAGE_ERROR (0xc0000006) at pc=0x00007ffc45f11989, pid=2856, tid=20160
#
# JRE version:  (17.0.10+7) (build )
# Java VM: OpenJDK 64-Bit Server VM (17.0.10+7-LTS, mixed mode, sharing, tiered, compressed oops, compressed class ptrs, g1 gc, windows-amd64)
# Problematic frame:
# C  [VCRUNTIME140.dll+0x1989]
#
# No core dump will be written. Minidumps are not enabled by default on client versions of Windows
#
#

---------------  S U M M A R Y ------------

Command Line: -Denv.class.path=.;H:\tools\corretto-17.0.10\lib\dt.jar;H:\tools\corretto-17.0.10\lib\tools.jar; -Dapplication.home=H:\tools\corretto-17.0.10 -Xms8m -Djdk.module.main=java.base java.base/sun.security.tools.keytool.Main -genkey -v -keystore E:\code\Signal-Android\debug.keystore -alias androiddebugkey -keyalg RSA -keysize 2048 -validity 10000 -storepass android -keypass android -dname CN=Android Debug,O=Android,C=US

Host: Intel(R) Core(TM) i5-6400 CPU @ 2.70GHz, 4 cores, 31G,  Windows 10 , 64 bit Build 19041 (10.0.19041.207)
Time: Thu Oct 16 19:32:08 2025  Windows 10 , 64 bit Build 19041 (10.0.19041.207) elapsed time: 0.073088 seconds (0d 0h 0m 0s)

---------------  T H R E A D  ---------------

Current thread is native thread

Stack: [0x00000030bb400000,0x00000030bb500000],  sp=0x00000030bb4ff310,  free space=1020k
Native frames: (J=compiled Java code, j=interpreted, Vv=VM code, C=native code)
C  [VCRUNTIME140.dll+0x1989]
V  [jvm.dll+0x69ee53]
V  [jvm.dll+0x69db17]
V  [jvm.dll+0x69d6ce]
V  [jvm.dll+0x36c847]
V  [jvm.dll+0x7e4bd3]
V  [jvm.dll+0x3eff3f]
V  [jvm.dll+0x3f1b71]
C  [jli.dll+0x528f]
C  [ucrtbase.dll+0x21542]
C  [KERNEL32.DLL+0x16fd4]
C  [ntdll.dll+0x4cec1]


siginfo: EXCEPTION_IN_PAGE_ERROR (0xc0000006), writing address 0x0000021d7d2c0000


Registers:
RAX=0x0000000000000000, RBX=0x0000021d7d2c0000, RCX=0x0000000000010000, RDX=0x0000000000000000
RSP=0x00000030bb4ff310, RBP=0x0000021d7f4b51b0, RSI=0x0000021d7f482180, RDI=0x0000021d7d2c0000
R8 =0x0000000000010000, R9 =0x0000000000000000, R10=0x0000000000000000, R11=0x0000021d7d2c0000
R12=0x0000000000000003, R13=0x00007ffbc4c47a60, R14=0x0000021d7f4b3cb0, R15=0x0000000000010000
RIP=0x00007ffc45f11989, EFLAGS=0x0000000000010202


Top of Stack: (sp=0x00000030bb4ff310)
0x00000030bb4ff310:   0000000000000000 00007ffbc491ee53
0x00000030bb4ff320:   0000021d7f4b51b0 0000021d7f482180
0x00000030bb4ff330:   0000021d7f482180 0000000000000140
0x00000030bb4ff340:   0000000000010000 00000030bb4ff360
0x00000030bb4ff350:   00000030bb4ff5d0 0000000000000104
0x00000030bb4ff360:   0000010100000103 0000021d7f4b51b4
0x00000030bb4ff370:   0000021d7d2d0000 00007ffc4b206e2c
0x00000030bb4ff380:   000000000000000c 0000000000000000
0x00000030bb4ff390:   0000000000000000 0000000000000030
0x00000030bb4ff3a0:   0000000000001000 0000021d7d2d0000
0x00000030bb4ff3b0:   00000000005c3a43 00007ffc4b257406
0x00000030bb4ff3c0:   0000021d7f4b41a0 00007ffc4b1fc8ec
0x00000030bb4ff3d0:   0000000000007a75 00007ffc4b357540
0x00000030bb4ff3e0:   0cdae2f900000000 00007ffc4b2572e9
0x00000030bb4ff3f0:   4fe58aca00000000 00007ffc4b20786b
0x00000030bb4ff400:   0cdae2f900000000 00007ffc4b1fc7ef
0x00000030bb4ff410:   0000000000000000 00000000ae129ffd
0x00000030bb4ff420:   000000000000000c 0000021d7d260000
0x00000030bb4ff430:   0000000000000000 00007ffc4b2572e9
0x00000030bb4ff440:   000000000016003b 0000021d7d260000
0x00000030bb4ff450:   0000000000000003 0000000000000040
0x00000030bb4ff460:   0000021d7d2602ac 0000021d7d260000
0x00000030bb4ff470:   0000021d7d260fc0 0000021d7f4b41a0
0x00000030bb4ff480:   0000021d7d2f22a0 00007ffc4b20786b
0x00000030bb4ff490:   00000000002d0051 0000000000000077
0x00000030bb4ff4a0:   0000021d7d303eb0 0000000000000030
0x00000030bb4ff4b0:   0000000000001000 0000021d7d2602ac
0x00000030bb4ff4c0:   0000021d00000000 0000021d7d260fc0
0x00000030bb4ff4d0:   0000000100000002 0000021d7d260000
0x00000030bb4ff4e0:   0000021d7d2602ac 00007ffb0000000c
0x00000030bb4ff4f0:   0000000000000030 0000021d7d260cc0
0x00000030bb4ff500:   00000030bb4ff5d0 0000000000000000 

Instructions: (pc=0x00007ffc45f11989)
0x00007ffc45f11889:   49 03 c8 0f 10 44 11 f0 48 83 e9 10 49 83 e8 10
0x00007ffc45f11899:   f6 c1 0f 74 17 48 8b c1 48 83 e1 f0 0f 10 c8 0f
0x00007ffc45f118a9:   10 04 11 0f 11 08 4c 8b c1 4d 2b c3 4d 8b c8 49
0x00007ffc45f118b9:   c1 e9 07 74 6f 0f 29 01 eb 14 66 66 66 66 66 0f
0x00007ffc45f118c9:   1f 84 00 00 00 00 00 0f 29 41 10 0f 29 09 0f 10
0x00007ffc45f118d9:   44 11 f0 0f 10 4c 11 e0 48 81 e9 80 00 00 00 0f
0x00007ffc45f118e9:   29 41 70 0f 29 49 60 0f 10 44 11 50 0f 10 4c 11
0x00007ffc45f118f9:   40 49 ff c9 0f 29 41 50 0f 29 49 40 0f 10 44 11
0x00007ffc45f11909:   30 0f 10 4c 11 20 0f 29 41 30 0f 29 49 20 0f 10
0x00007ffc45f11919:   44 11 10 0f 10 0c 11 75 ae 0f 29 41 10 49 83 e0
0x00007ffc45f11929:   7f 0f 28 c1 4d 8b c8 49 c1 e9 04 74 1a 66 66 0f
0x00007ffc45f11939:   1f 84 00 00 00 00 00 0f 11 01 48 83 e9 10 0f 10
0x00007ffc45f11949:   04 11 49 ff c9 75 f0 49 83 e0 0f 74 08 41 0f 10
0x00007ffc45f11959:   0a 41 0f 11 0b 0f 11 01 49 8b c3 c3 cc cc cc cc
0x00007ffc45f11969:   cc cc cc cc cc cc cc cc cc cc cc cc cc 66 66 0f
0x00007ffc45f11979:   1f 84 00 00 00 00 00 57 8b c2 48 8b f9 49 8b c8
0x00007ffc45f11989:   f3 aa 49 8b c3 5f c3 cc cc cc cc cc cc 66 66 0f
0x00007ffc45f11999:   1f 84 00 00 00 00 00 4c 8b d9 0f b6 d2 49 b9 01
0x00007ffc45f119a9:   01 01 01 01 01 01 01 4c 0f af ca 49 83 f8 10 0f
0x00007ffc45f119b9:   86 f2 00 00 00 66 49 0f 6e c1 66 0f 60 c0 49 81
0x00007ffc45f119c9:   f8 80 00 00 00 77 10 e9 6b 00 00 00 66 66 66 0f
0x00007ffc45f119d9:   1f 84 00 00 00 00 00 f6 05 d5 49 01 00 02 75 97
0x00007ffc45f119e9:   0f 11 01 4c 03 c1 48 83 c1 10 48 83 e1 f0 4c 2b
0x00007ffc45f119f9:   c1 4d 8b c8 49 c1 e9 07 74 3d 4c 3b 0d 1e 46 01
0x00007ffc45f11a09:   00 0f 87 60 00 00 00 0f 29 01 0f 29 41 10 48 81
0x00007ffc45f11a19:   c1 80 00 00 00 0f 29 41 a0 0f 29 41 b0 49 ff c9
0x00007ffc45f11a29:   0f 29 41 c0 0f 29 41 d0 0f 29 41 e0 66 0f 29 41
0x00007ffc45f11a39:   f0 75 d4 49 83 e0 7f 4d 8b c8 49 c1 e9 04 74 13
0x00007ffc45f11a49:   0f 1f 80 00 00 00 00 0f 11 01 48 83 c1 10 49 ff
0x00007ffc45f11a59:   c9 75 f4 49 83 e0 0f 74 06 42 0f 11 44 01 f0 49
0x00007ffc45f11a69:   8b c3 c3 0f 1f 40 00 0f 2b 01 0f 2b 41 10 48 81
0x00007ffc45f11a79:   c1 80 00 00 00 0f 2b 41 a0 0f 2b 41 b0 49 ff c9 



---------------  P R O C E S S  ---------------

VM state: not at safepoint (not fully initialized)

VM Mutex/Monitor currently owned by a thread: None

Heap address: 0x0000000000000000, size: 0 MB, Compressed Oops mode: 32-bit

CDS archive(s) mapped at: [0x0000000000000000-0x0000000000000000-0x0000000000000000), size 0, SharedBaseAddress: 0x0000000800000000, ArchiveRelocationMode: 1.
Narrow klass base: 0x0000000000000000, Narrow klass shift: 0, Narrow klass range: 0x0

GC Precious Log:
<Not initialized>

Dll operation events (0 events):
No events

Deoptimization events (0 events):
No events

Classes unloaded (0 events):
No events

Classes redefined (0 events):
No events

Internal exceptions (0 events):
No events

VM Operations (0 events):
No events

Events (0 events):
No events


Dynamic libraries:
0x00007ff75ecd0000 - 0x00007ff75ecd8000 	H:\tools\corretto-17.0.10\bin\keytool.exe
0x00007ffc4b1f0000 - 0x00007ffc4b3e4000 	C:\Windows\SYSTEM32\ntdll.dll
0x00007ffc49ef0000 - 0x00007ffc49fad000 	C:\Windows\System32\KERNEL32.DLL
0x00007ffc489a0000 - 0x00007ffc48c67000 	C:\Windows\System32\KERNELBASE.dll
0x00007ffc49b40000 - 0x00007ffc49bea000 	C:\Windows\System32\ADVAPI32.DLL
0x00007ffc49aa0000 - 0x00007ffc49b3e000 	C:\Windows\System32\msvcrt.dll
0x00007ffc4a970000 - 0x00007ffc4aa0b000 	C:\Windows\System32\sechost.dll
0x00007ffc4aa10000 - 0x00007ffc4ab33000 	C:\Windows\System32\RPCRT4.dll
0x00007ffc49110000 - 0x00007ffc49210000 	C:\Windows\System32\ucrtbase.dll
0x00007ffc45ef0000 - 0x00007ffc45f07000 	H:\tools\corretto-17.0.10\bin\jli.dll
0x00007ffc4a090000 - 0x00007ffc4a230000 	C:\Windows\System32\USER32.dll
0x00007ffc490e0000 - 0x00007ffc49102000 	C:\Windows\System32\win32u.dll
0x00007ffc49fb0000 - 0x00007ffc49fda000 	C:\Windows\System32\GDI32.dll
0x00007ffc48f50000 - 0x00007ffc49059000 	C:\Windows\System32\gdi32full.dll
0x00007ffc48eb0000 - 0x00007ffc48f4d000 	C:\Windows\System32\msvcp_win.dll
0x00007ffc32b70000 - 0x00007ffc32e0a000 	C:\Windows\WinSxS\amd64_microsoft.windows.common-controls_6595b64144ccf1df_6.0.19041.1_none_b555e41d4684ddec\COMCTL32.dll
0x00007ffc45f10000 - 0x00007ffc45f2b000 	H:\tools\corretto-17.0.10\bin\VCRUNTIME140.dll
0x00007ffc49a70000 - 0x00007ffc49aa0000 	C:\Windows\System32\IMM32.DLL
0x00007ffc45ad0000 - 0x00007ffc45adc000 	H:\tools\corretto-17.0.10\bin\vcruntime140_1.dll
0x00007ffbf26b0000 - 0x00007ffbf273d000 	H:\tools\corretto-17.0.10\bin\msvcp140.dll
0x00007ffbc4280000 - 0x00007ffbc4ee2000 	H:\tools\corretto-17.0.10\bin\server\jvm.dll
0x00007ffc22220000 - 0x00007ffc22229000 	C:\Windows\SYSTEM32\WSOCK32.dll
0x00007ffc4b140000 - 0x00007ffc4b1ab000 	C:\Windows\System32\WS2_32.dll
0x00007ffc3ed20000 - 0x00007ffc3ed47000 	C:\Windows\SYSTEM32\WINMM.dll
0x00007ffc483b0000 - 0x00007ffc483fb000 	C:\Windows\SYSTEM32\POWRPROF.dll
0x00007ffc48400000 - 0x00007ffc4840a000 	C:\Windows\SYSTEM32\VERSION.dll
0x00007ffc48380000 - 0x00007ffc48392000 	C:\Windows\SYSTEM32\UMPDC.dll
0x00007ffc46550000 - 0x00007ffc46563000 	C:\Windows\SYSTEM32\kernel.appcore.dll
0x00007ffc43ec0000 - 0x00007ffc43eca000 	H:\tools\corretto-17.0.10\bin\jimage.dll
0x00007ffc3e950000 - 0x00007ffc3eb34000 	C:\Windows\SYSTEM32\DBGHELP.DLL
0x00007ffc29830000 - 0x00007ffc2985c000 	C:\Windows\SYSTEM32\dbgcore.DLL
0x00007ffc49060000 - 0x00007ffc490df000 	C:\Windows\System32\bcryptPrimitives.dll

dbghelp: loaded successfully - version: 4.0.5 - missing functions: none
symbol engine: initialized successfully - sym options: 0x614 - pdb path: .;H:\tools\corretto-17.0.10\bin;C:\Windows\SYSTEM32;C:\Windows\WinSxS\amd64_microsoft.windows.common-controls_6595b64144ccf1df_6.0.19041.1_none_b555e41d4684ddec;H:\tools\corretto-17.0.10\bin\server

VM Arguments:
jvm_args: -Denv.class.path=.;H:\tools\corretto-17.0.10\lib\dt.jar;H:\tools\corretto-17.0.10\lib\tools.jar; -Dapplication.home=H:\tools\corretto-17.0.10 -Xms8m -Djdk.module.main=java.base 
java_command: java.base/sun.security.tools.keytool.Main -genkey -v -keystore E:\code\Signal-Android\debug.keystore -alias androiddebugkey -keyalg RSA -keysize 2048 -validity 10000 -storepass android -keypass android -dname CN=Android Debug,O=Android,C=US
java_class_path (initial): <not set>
Launcher Type: SUN_STANDARD

[Global flags]
     uint ConcGCThreads                            = 1                                         {product} {ergonomic}
     uint G1ConcRefinementThreads                  = 4                                         {product} {ergonomic}
    uintx GCDrainStackTargetSize                   = 64                                        {product} {ergonomic}
   size_t InitialHeapSize                          = 8388608                                   {product} {command line}
   size_t MarkStackSize                            = 4194304                                   {product} {ergonomic}
   size_t MaxHeapSize                              = 8573043712                                {product} {ergonomic}
   size_t MinHeapSize                              = 8388608                                   {product} {command line}
    uintx ReservedCodeCacheSize                    = 251658240                              {pd product} {ergonomic}
     bool SegmentedCodeCache                       = true                                      {product} {ergonomic}
     bool UseCompressedClassPointers               = true                           {product lp64_product} {ergonomic}
     bool UseCompressedOops                        = true                           {product lp64_product} {ergonomic}
     bool UseG1GC                                  = true                                      {product} {ergonomic}
     bool UseLargePagesIndividualAllocation        = false                                  {pd product} {ergonomic}

Logging:
Log output configuration:
 #0: stdout all=warning uptime,level,tags
 #1: stderr all=off uptime,level,tags

Environment Variables:
JAVA_HOME=H:\tools\corretto-17.0.10
CLASSPATH=.;H:\tools\corretto-17.0.10\lib\dt.jar;H:\tools\corretto-17.0.10\lib\tools.jar;
PATH=C:\Users\Administrator\bin;E:\developTools\Git\mingw64\bin;E:\developTools\Git\usr\local\bin;E:\developTools\Git\usr\bin;E:\developTools\Git\usr\bin;E:\developTools\Git\mingw64\bin;E:\developTools\Git\usr\bin;C:\Users\Administrator\bin;C:\Windows\system32;C:\Windows;C:\Windows\System32\Wbem;C:\Windows\System32\WindowsPowerShell\v1.0;C:\Windows\System32\OpenSSH;H:\tools\corretto-17.0.10\bin;H:\tools\corretto-17.0.10\jre\bin;H:\tools\android-sdk-windows\android-sdk-windows\tools;H:\tools\android-sdk-windows\android-sdk-windows\platform-tools;E:\developTools\maven\apache-maven-3.5.3\bin;E:\developTools\Git\cmd;C:\Python27;C:\Users\Administrator\AppData\Roaming\nvm;C:\Program Files\nodejs;H:\tools\微信web开发者工具\dll;C:\Program Files (x86)\Bitvise SSH Client;H:\work\EDA\tomcat\apache-tomcat-8.5.57\bin;E:\developTools\maven\apache-maven-3.5.3\bin;E:\developTools\nginx-1.25.4\nginx-1.25.4;H:\tools\flutter_3.16\flutter\bin;C:\Program Files\MySQL\MySQL Utilities 1.6;C:\Program Files (x86)\NVIDIA Corporation\PhysX\Common;C:\Program Files\NVIDIA Corporation\NVIDIA NvDLISR;C:\Program Files\PuTTY;H:\tools\android-sdk-windows\android-sdk-windows\build-tools\28.0.2;C:\Program Files\Tesseract-OCR\tessdata;C:\Program Files\Tesseract-OCR;C:\Program Files\dotnet;C:\Program Files\Redis;D:\protoc\bin;C:\Program Files\CMake\bin;H:\tools\nasm-2.16;H:\tools\LLVM\bin;H:\tools\android-sdk-windows\android-sdk-windows\ndk\28.0.13004108\toolchains\llvm\prebuilt\windows-x86_64\bin;E:\developTools\Git\usr\bin;H:\tools\ninja-win;C:\Windows\system32;C:\Windows;C:\Windows\System32\Wbem;C:\Windows\System32\WindowsPowerShell\v1.0;C:\Windows\System32\OpenSSH;H:\tools\corretto-17.0.10\bin;H:\tools\corretto-17.0.10\jre\bin;H:\tools\android-sdk-windows\android-sdk-windows\tools;H:\tools\android-sdk-windows\android-sdk-windows\platform-tools;E:\developTools\maven\apache-maven-3.5.3\bin;E:\developTools\Git\cmd;C:\Python27;C:\Users\Administrator\AppData\Roaming\nvm;C:\Program Files\nodejs;H:\tools\微信w
USERNAME=Administrator
SHELL=E:\developTools\Git\usr\bin\bash.exe
DISPLAY=needs-to-be-defined
LANG=zh_CN.UTF-8
TERM=xterm-256color
TMPDIR=C:\Users\Administrator\AppData\Local\Temp
OS=Windows_NT
PROCESSOR_IDENTIFIER=Intel64 Family 6 Model 94 Stepping 3, GenuineIntel
TMP=C:\Users\Administrator\AppData\Local\Temp
TEMP=C:\Users\Administrator\AppData\Local\Temp



Periodic native trim disabled


---------------  S Y S T E M  ---------------

OS:
 Windows 10 , 64 bit Build 19041 (10.0.19041.207)
OS uptime: 1 days 1:53 hours

CPU: total 4 (initial active 4) 
Processor Information for all 4 processors :
  Max Mhz: 2701, Current Mhz: 2701, Mhz Limit: 2701

Memory: 4k page, system-wide physical 32703M (9954M free)
TotalPageFile size 65471M (AvailPageFile size 31704M)
current process WorkingSet (physical memory assigned to process): 9M, peak: 9M
current process commit charge ("private bytes"): 3M, peak: 3M

vm_info: OpenJDK 64-Bit Server VM (17.0.10+7-LTS) for windows-amd64 JRE (17.0.10+7-LTS), built on Jan 10 2024 22:11:07 by "Administrator" with MS VC++ 16.10 / 16.11 (VS2019)

END.
